../../STM32Cube_FW_N6/Drivers/STM32N6xx_HAL_Driver/Inc/stm32n6xx_ll_bus.h:679:22:LL_MEM_EnableClock	1
../../STM32Cube_FW_N6/Drivers/STM32N6xx_HAL_Driver/Inc/stm32n6xx_ll_bus.h:785:22:LL_MEM_EnableClockLowPower	1
../../STM32Cube_FW_N6/Drivers/STM32N6xx_HAL_Driver/Inc/stm32n6xx_ll_bus.h:2065:22:LL_AHB5_GRP1_EnableClockLowPower	1
Src/main.c:425:12:clamp_point	6
Src/main.c:442:13:convert_length	1
Src/main.c:448:13:convert_point	1
Src/main.c:669:13:SystemClock_Config	4
Src/main.c:454:13:Display_binding_line	1
Src/main.c:138:5:main	20
Src/main.c:417:6:IAC_IRQHandler	1
Src/main.c:642:19:MX_DCMIPP_ClockConfig	2
Src/main.c:774:6:HAL_CACHEAXI_MspInit	1
Src/main.c:782:6:HAL_CACHEAXI_MspDeInit	1
Src/main.c:798:6:assert_failed	1
