../../STM32Cube_FW_N6/Middlewares/Third_Party_fs/source/diskio.c:36:9:disk_status	0	static
../../STM32Cube_FW_N6/Middlewares/Third_Party_fs/source/diskio.c:51:9:disk_initialize	16	static
../../STM32Cube_FW_N6/Middlewares/Third_Party_fs/source/diskio.c:76:9:disk_read	8	static
../../STM32Cube_FW_N6/Middlewares/Third_Party_fs/source/diskio.c:99:9:disk_write	8	static
../../STM32Cube_FW_N6/Middlewares/Third_Party_fs/source/diskio.c:121:9:disk_ioctl	4	static
../../STM32Cube_FW_N6/Middlewares/Third_Party_fs/source/diskio.c:139:14:get_fattime	0	static
