ARM GAS  C:\Users\Antonio\AppData\Local\Temp\ccXJqROZ.s 			page 1


   1              		.arch armv8.1-m.main
   2              		.fpu fpv5-d16
   3              		.arch_extension dsp
   4              		.arch_extension fp
   5              		.arch_extension fp.dp
   6              		.arch_extension mve
   7              		.arch_extension mve.fp
   8              		.eabi_attribute 5, "cortex-m55"
   9              		.eabi_attribute 28, 1
  10              		.eabi_attribute 20, 1
  11              		.eabi_attribute 21, 1
  12              		.eabi_attribute 23, 3
  13              		.eabi_attribute 24, 1
  14              		.eabi_attribute 25, 1
  15              		.eabi_attribute 26, 1
  16              		.eabi_attribute 30, 4
  17              		.eabi_attribute 34, 1
  18              		.eabi_attribute 38, 1
  19              		.eabi_attribute 18, 4
  20              		.file	"app_camerapipeline.c"
  21              		.text
  22              	.Ltext0:
  23              		.cfi_sections	.debug_frame
  24              		.file 1 "Src/app_camerapipeline.c"
  25              		.section	.rodata.CameraPipeline_Init.str1.1,"aMS",%progbits,1
  26              	.LC0:
  27 0000 72657420 		.ascii	"ret == CMW_ERROR_NONE\000"
  27      3D3D2043 
  27      4D575F45 
  27      52524F52 
  27      5F4E4F4E 
  28              	.LC1:
  29 0016 5372632F 		.ascii	"Src/app_camerapipeline.c\000"
  29      6170705F 
  29      63616D65 
  29      72617069 
  29      70656C69 
  30              	.LC2:
  31 002f 72657420 		.ascii	"ret == HAL_OK\000"
  31      3D3D2048 
  31      414C5F4F 
  31      4B00
  32              	.LC3:
  33 003d 64636D69 		.ascii	"dcmipp_conf.output_width * dcmipp_conf.output_bpp ="
  33      70705F63 
  33      6F6E662E 
  33      6F757470 
  33      75745F77 
  34 0070 3D207069 		.ascii	"= pitch\000"
  34      74636800 
  35              		.section	.text.CameraPipeline_Init,"ax",%progbits
  36              		.align	1
  37              		.global	CameraPipeline_Init
  38              		.syntax unified
  39              		.thumb
  40              		.thumb_func
  42              	CameraPipeline_Init:
ARM GAS  C:\Users\Antonio\AppData\Local\Temp\ccXJqROZ.s 			page 2


  43              	.LVL0:
  44              	.LFB3344:
   1:Src/app_camerapipeline.c ****  /**
   2:Src/app_camerapipeline.c ****  ******************************************************************************
   3:Src/app_camerapipeline.c ****  * @file    app_camerapipeline.c
   4:Src/app_camerapipeline.c ****  * @author  GPM Application Team
   5:Src/app_camerapipeline.c ****  *
   6:Src/app_camerapipeline.c ****  ******************************************************************************
   7:Src/app_camerapipeline.c ****  * @attention
   8:Src/app_camerapipeline.c ****  *
   9:Src/app_camerapipeline.c ****  * Copyright (c) 2023 STMicroelectronics.
  10:Src/app_camerapipeline.c ****  * All rights reserved.
  11:Src/app_camerapipeline.c ****  *
  12:Src/app_camerapipeline.c ****  * This software is licensed under terms that can be found in the LICENSE file
  13:Src/app_camerapipeline.c ****  * in the root directory of this software component.
  14:Src/app_camerapipeline.c ****  * If no LICENSE file comes with this software, it is provided AS-IS.
  15:Src/app_camerapipeline.c ****  *
  16:Src/app_camerapipeline.c ****  ******************************************************************************
  17:Src/app_camerapipeline.c ****  */
  18:Src/app_camerapipeline.c **** 
  19:Src/app_camerapipeline.c **** #include <assert.h>
  20:Src/app_camerapipeline.c **** #include "cmw_camera.h"
  21:Src/app_camerapipeline.c **** #include "app_camerapipeline.h"
  22:Src/app_camerapipeline.c **** #include "app_config.h"
  23:Src/app_camerapipeline.c **** #include "crop_img.h"
  24:Src/app_camerapipeline.c **** 
  25:Src/app_camerapipeline.c **** #if defined(USE_IMX335_SENSOR)
  26:Src/app_camerapipeline.c ****   #define GAMMA_CONVERSION 0
  27:Src/app_camerapipeline.c **** #elif defined(USE_VD66GY_SENSOR)
  28:Src/app_camerapipeline.c ****   #define GAMMA_CONVERSION 0
  29:Src/app_camerapipeline.c **** #elif defined(USE_VD55G1_SENSOR)
  30:Src/app_camerapipeline.c ****   #define GAMMA_CONVERSION 0
  31:Src/app_camerapipeline.c **** #endif
  32:Src/app_camerapipeline.c **** 
  33:Src/app_camerapipeline.c **** /* Leave the driver use the default resolution */
  34:Src/app_camerapipeline.c **** #define CAMERA_WIDTH 0
  35:Src/app_camerapipeline.c **** #define CAMERA_HEIGHT 0
  36:Src/app_camerapipeline.c **** #define CAMERA_FPS 30
  37:Src/app_camerapipeline.c **** 
  38:Src/app_camerapipeline.c **** extern int32_t cameraFrameReceived;
  39:Src/app_camerapipeline.c **** 
  40:Src/app_camerapipeline.c **** static void DCMIPP_PipeInitDisplay(CMW_CameraInit_t *camConf, uint32_t *bg_width, uint32_t *bg_heig
  41:Src/app_camerapipeline.c **** {
  42:Src/app_camerapipeline.c ****   CMW_Aspect_Ratio_Mode_t aspect_ratio;
  43:Src/app_camerapipeline.c ****   CMW_DCMIPP_Conf_t dcmipp_conf = {0};
  44:Src/app_camerapipeline.c ****   int ret;
  45:Src/app_camerapipeline.c **** 
  46:Src/app_camerapipeline.c ****   if (ASPECT_RATIO_MODE == ASPECT_RATIO_CROP)
  47:Src/app_camerapipeline.c ****   {
  48:Src/app_camerapipeline.c ****     aspect_ratio = CMW_Aspect_ratio_crop;
  49:Src/app_camerapipeline.c ****   }
  50:Src/app_camerapipeline.c ****   else if (ASPECT_RATIO_MODE == ASPECT_RATIO_FIT)
  51:Src/app_camerapipeline.c ****   {
  52:Src/app_camerapipeline.c ****     aspect_ratio = CMW_Aspect_ratio_fit;
  53:Src/app_camerapipeline.c ****   }
  54:Src/app_camerapipeline.c ****   else if (ASPECT_RATIO_MODE == ASPECT_RATIO_FULLSCREEN)
  55:Src/app_camerapipeline.c ****   {
ARM GAS  C:\Users\Antonio\AppData\Local\Temp\ccXJqROZ.s 			page 3


  56:Src/app_camerapipeline.c ****     aspect_ratio = CMW_Aspect_ratio_fullscreen;
  57:Src/app_camerapipeline.c ****   }
  58:Src/app_camerapipeline.c **** 
  59:Src/app_camerapipeline.c ****   int lcd_bg_width;
  60:Src/app_camerapipeline.c ****   int lcd_bg_height;
  61:Src/app_camerapipeline.c **** 
  62:Src/app_camerapipeline.c ****   lcd_bg_height = (camConf->height <= SCREEN_HEIGHT) ? camConf->height : SCREEN_HEIGHT;
  63:Src/app_camerapipeline.c **** 
  64:Src/app_camerapipeline.c **** #if ASPECT_RATIO_MODE == ASPECT_RATIO_FULLSCREEN
  65:Src/app_camerapipeline.c ****   lcd_bg_width = (((camConf->width*lcd_bg_height)/camConf->height) - ((camConf->width*lcd_bg_height
  66:Src/app_camerapipeline.c **** #else
  67:Src/app_camerapipeline.c ****   lcd_bg_width = (camConf->height <= SCREEN_HEIGHT) ? camConf->height : SCREEN_HEIGHT;
  68:Src/app_camerapipeline.c **** #endif
  69:Src/app_camerapipeline.c **** 
  70:Src/app_camerapipeline.c ****   *bg_width = lcd_bg_width;
  71:Src/app_camerapipeline.c ****   *bg_height = lcd_bg_height;
  72:Src/app_camerapipeline.c **** 
  73:Src/app_camerapipeline.c ****   dcmipp_conf.output_width = lcd_bg_width;
  74:Src/app_camerapipeline.c ****   dcmipp_conf.output_height = lcd_bg_height;
  75:Src/app_camerapipeline.c ****   dcmipp_conf.output_format = DCMIPP_PIXEL_PACKER_FORMAT_RGB565_1;
  76:Src/app_camerapipeline.c ****   dcmipp_conf.output_bpp = 2;
  77:Src/app_camerapipeline.c ****   dcmipp_conf.mode = aspect_ratio;
  78:Src/app_camerapipeline.c ****   dcmipp_conf.enable_gamma_conversion = GAMMA_CONVERSION;
  79:Src/app_camerapipeline.c ****   uint32_t pitch;
  80:Src/app_camerapipeline.c ****   ret = CMW_CAMERA_SetPipeConfig(DCMIPP_PIPE1, &dcmipp_conf, &pitch);
  81:Src/app_camerapipeline.c ****   assert(ret == HAL_OK);
  82:Src/app_camerapipeline.c ****   assert(dcmipp_conf.output_width * dcmipp_conf.output_bpp == pitch);
  83:Src/app_camerapipeline.c **** }
  84:Src/app_camerapipeline.c **** 
  85:Src/app_camerapipeline.c **** static void DCMIPP_PipeInitNn(uint32_t *pitch)
  86:Src/app_camerapipeline.c **** {
  87:Src/app_camerapipeline.c ****   CMW_Aspect_Ratio_Mode_t aspect_ratio;
  88:Src/app_camerapipeline.c ****   CMW_DCMIPP_Conf_t dcmipp_conf;
  89:Src/app_camerapipeline.c ****   int ret;
  90:Src/app_camerapipeline.c **** 
  91:Src/app_camerapipeline.c ****   if (ASPECT_RATIO_MODE == ASPECT_RATIO_CROP)
  92:Src/app_camerapipeline.c ****   {
  93:Src/app_camerapipeline.c ****     aspect_ratio = CMW_Aspect_ratio_crop;
  94:Src/app_camerapipeline.c ****   }
  95:Src/app_camerapipeline.c ****   else if (ASPECT_RATIO_MODE == ASPECT_RATIO_FIT)
  96:Src/app_camerapipeline.c ****   {
  97:Src/app_camerapipeline.c ****     aspect_ratio = CMW_Aspect_ratio_fit;
  98:Src/app_camerapipeline.c ****   }
  99:Src/app_camerapipeline.c ****   else if (ASPECT_RATIO_MODE == ASPECT_RATIO_FULLSCREEN)
 100:Src/app_camerapipeline.c ****   {
 101:Src/app_camerapipeline.c ****     aspect_ratio = CMW_Aspect_ratio_fit;
 102:Src/app_camerapipeline.c ****   }
 103:Src/app_camerapipeline.c **** 
 104:Src/app_camerapipeline.c ****   dcmipp_conf.output_width = NN_WIDTH;
 105:Src/app_camerapipeline.c ****   dcmipp_conf.output_height = NN_HEIGHT;
 106:Src/app_camerapipeline.c ****   dcmipp_conf.output_format = DCMIPP_PIXEL_PACKER_FORMAT_RGB888_YUV444_1;
 107:Src/app_camerapipeline.c ****   dcmipp_conf.output_bpp = NN_BPP;
 108:Src/app_camerapipeline.c ****   dcmipp_conf.mode = aspect_ratio;
 109:Src/app_camerapipeline.c ****   dcmipp_conf.enable_swap = COLOR_MODE;
 110:Src/app_camerapipeline.c ****   dcmipp_conf.enable_gamma_conversion = GAMMA_CONVERSION;
 111:Src/app_camerapipeline.c ****   ret = CMW_CAMERA_SetPipeConfig(DCMIPP_PIPE2, &dcmipp_conf, pitch);
 112:Src/app_camerapipeline.c ****   assert(ret == HAL_OK);
ARM GAS  C:\Users\Antonio\AppData\Local\Temp\ccXJqROZ.s 			page 4


 113:Src/app_camerapipeline.c **** }
 114:Src/app_camerapipeline.c **** 
 115:Src/app_camerapipeline.c **** /**
 116:Src/app_camerapipeline.c **** * @brief Init the camera and the 2 DCMIPP pipes
 117:Src/app_camerapipeline.c **** * @param lcd_bg_width display width
 118:Src/app_camerapipeline.c **** * @param lcd_bg_height display height
 119:Src/app_camerapipeline.c **** * @param pitch_nn output pitch computed by the CMW
 120:Src/app_camerapipeline.c **** */
 121:Src/app_camerapipeline.c **** void CameraPipeline_Init(uint32_t *lcd_bg_width, uint32_t *lcd_bg_height, uint32_t *pitch_nn)
 122:Src/app_camerapipeline.c **** {
  45              		.loc 1 122 1 view -0
  46              		.cfi_startproc
  47              		@ args = 0, pretend = 0, frame = 72
  48              		@ frame_needed = 0, uses_anonymous_args = 0
 123:Src/app_camerapipeline.c ****   int ret;
  49              		.loc 1 123 3 view .LVU1
 124:Src/app_camerapipeline.c ****   CMW_CameraInit_t cam_conf;
  50              		.loc 1 124 3 view .LVU2
 125:Src/app_camerapipeline.c **** 
 126:Src/app_camerapipeline.c ****   cam_conf.width = CAMERA_WIDTH;
  51              		.loc 1 126 3 view .LVU3
 122:Src/app_camerapipeline.c ****   int ret;
  52              		.loc 1 122 1 is_stmt 0 view .LVU4
  53 0000 2DE9F041 		push	{r4, r5, r6, r7, r8, lr}
  54              		.cfi_def_cfa_offset 24
  55              		.cfi_offset 4, -24
  56              		.cfi_offset 5, -20
  57              		.cfi_offset 6, -16
  58              		.cfi_offset 7, -12
  59              		.cfi_offset 8, -8
  60              		.cfi_offset 14, -4
  61              		.loc 1 126 18 view .LVU5
  62 0004 0023     		movs	r3, #0
 122:Src/app_camerapipeline.c ****   int ret;
  63              		.loc 1 122 1 view .LVU6
  64 0006 1646     		mov	r6, r2
 127:Src/app_camerapipeline.c ****   cam_conf.height = CAMERA_HEIGHT;
 128:Src/app_camerapipeline.c ****   cam_conf.fps = CAMERA_FPS;
 129:Src/app_camerapipeline.c ****   cam_conf.pixel_format = 0; /* Default; Not implemented yet */
 130:Src/app_camerapipeline.c ****   cam_conf.anti_flicker = 0;
 131:Src/app_camerapipeline.c ****   cam_conf.mirror_flip = CAMERA_FLIP;
  65              		.loc 1 131 24 view .LVU7
  66 0008 0225     		movs	r5, #2
 128:Src/app_camerapipeline.c ****   cam_conf.pixel_format = 0; /* Default; Not implemented yet */
  67              		.loc 1 128 16 view .LVU8
  68 000a 1E22     		movs	r2, #30
  69              	.LVL1:
 122:Src/app_camerapipeline.c ****   int ret;
  70              		.loc 1 122 1 view .LVU9
  71 000c 92B0     		sub	sp, sp, #72
  72              		.cfi_def_cfa_offset 96
 122:Src/app_camerapipeline.c ****   int ret;
  73              		.loc 1 122 1 view .LVU10
  74 000e 8046     		mov	r8, r0
 132:Src/app_camerapipeline.c **** 
 133:Src/app_camerapipeline.c ****   ret = CMW_CAMERA_Init(&cam_conf);
  75              		.loc 1 133 9 view .LVU11
ARM GAS  C:\Users\Antonio\AppData\Local\Temp\ccXJqROZ.s 			page 5


  76 0010 01A8     		add	r0, sp, #4
  77              	.LVL2:
 122:Src/app_camerapipeline.c ****   int ret;
  78              		.loc 1 122 1 view .LVU12
  79 0012 0F46     		mov	r7, r1
 127:Src/app_camerapipeline.c ****   cam_conf.fps = CAMERA_FPS;
  80              		.loc 1 127 19 view .LVU13
  81 0014 CDE90133 		strd	r3, r3, [sp, #4]
 128:Src/app_camerapipeline.c ****   cam_conf.pixel_format = 0; /* Default; Not implemented yet */
  82              		.loc 1 128 3 is_stmt 1 view .LVU14
 129:Src/app_camerapipeline.c ****   cam_conf.anti_flicker = 0;
  83              		.loc 1 129 25 is_stmt 0 view .LVU15
  84 0018 CDE90323 		strd	r2, r3, [sp, #12]
 130:Src/app_camerapipeline.c ****   cam_conf.mirror_flip = CAMERA_FLIP;
  85              		.loc 1 130 3 is_stmt 1 view .LVU16
 130:Src/app_camerapipeline.c ****   cam_conf.mirror_flip = CAMERA_FLIP;
  86              		.loc 1 130 25 is_stmt 0 view .LVU17
  87 001c 0593     		str	r3, [sp, #20]
 131:Src/app_camerapipeline.c **** 
  88              		.loc 1 131 3 is_stmt 1 view .LVU18
 131:Src/app_camerapipeline.c **** 
  89              		.loc 1 131 24 is_stmt 0 view .LVU19
  90 001e 0695     		str	r5, [sp, #24]
  91              		.loc 1 133 3 is_stmt 1 view .LVU20
  92              		.loc 1 133 9 is_stmt 0 view .LVU21
  93 0020 FFF7FEFF 		bl	CMW_CAMERA_Init
  94              	.LVL3:
 134:Src/app_camerapipeline.c ****   assert(ret == CMW_ERROR_NONE);
  95              		.loc 1 134 3 is_stmt 1 view .LVU22
  96 0024 0146     		mov	r1, r0
  97 0026 28B1     		cbz	r0, .L2
  98              		.loc 1 134 3 is_stmt 0 discriminator 1 view .LVU23
  99 0028 8621     		movs	r1, #134
 100 002a 204B     		ldr	r3, .L7
 101 002c 204A     		ldr	r2, .L7+4
 102              	.LVL4:
 103              	.L6:
 104              	.LBB6:
 105              	.LBB7:
  81:Src/app_camerapipeline.c ****   assert(dcmipp_conf.output_width * dcmipp_conf.output_bpp == pitch);
 106              		.loc 1 81 3 discriminator 1 view .LVU24
 107 002e 2148     		ldr	r0, .L7+8
 108 0030 FFF7FEFF 		bl	__assert_func
 109              	.LVL5:
 110              	.L2:
  81:Src/app_camerapipeline.c ****   assert(dcmipp_conf.output_width * dcmipp_conf.output_bpp == pitch);
 111              		.loc 1 81 3 discriminator 1 view .LVU25
 112              	.LBE7:
 113              	.LBE6:
 135:Src/app_camerapipeline.c ****   DCMIPP_PipeInitDisplay(&cam_conf, lcd_bg_width, lcd_bg_height);
 114              		.loc 1 135 3 is_stmt 1 view .LVU26
 115 0034 029C     		ldr	r4, [sp, #8]
 116              	.LVL6:
 117              	.LBB9:
 118              	.LBI6:
  40:Src/app_camerapipeline.c **** {
 119              		.loc 1 40 13 view .LVU27
ARM GAS  C:\Users\Antonio\AppData\Local\Temp\ccXJqROZ.s 			page 6


 120              	.LBB8:
  42:Src/app_camerapipeline.c ****   CMW_DCMIPP_Conf_t dcmipp_conf = {0};
 121              		.loc 1 42 3 view .LVU28
  43:Src/app_camerapipeline.c ****   int ret;
 122              		.loc 1 43 3 view .LVU29
  43:Src/app_camerapipeline.c ****   int ret;
 123              		.loc 1 43 21 is_stmt 0 view .LVU30
 124 0036 1C22     		movs	r2, #28
 125 0038 0BA8     		add	r0, sp, #44
 126              	.LVL7:
  43:Src/app_camerapipeline.c ****   int ret;
 127              		.loc 1 43 21 view .LVU31
 128 003a FFF7FEFF 		bl	memset
 129              	.LVL8:
  44:Src/app_camerapipeline.c **** 
 130              		.loc 1 44 3 is_stmt 1 view .LVU32
  46:Src/app_camerapipeline.c ****   {
 131              		.loc 1 46 3 view .LVU33
  48:Src/app_camerapipeline.c ****   }
 132              		.loc 1 48 5 view .LVU34
  59:Src/app_camerapipeline.c ****   int lcd_bg_height;
 133              		.loc 1 59 3 view .LVU35
  60:Src/app_camerapipeline.c **** 
 134              		.loc 1 60 3 view .LVU36
  62:Src/app_camerapipeline.c **** 
 135              		.loc 1 62 3 view .LVU37
  62:Src/app_camerapipeline.c **** 
 136              		.loc 1 62 72 is_stmt 0 view .LVU38
 137 003e B4F5F07F 		cmp	r4, #480
 138 0042 28BF     		it	cs
 139 0044 4FF4F074 		movcs	r4, #480
 140              	.LVL9:
  67:Src/app_camerapipeline.c **** #endif
 141              		.loc 1 67 3 is_stmt 1 view .LVU39
  70:Src/app_camerapipeline.c ****   *bg_height = lcd_bg_height;
 142              		.loc 1 70 3 view .LVU40
  70:Src/app_camerapipeline.c ****   *bg_height = lcd_bg_height;
 143              		.loc 1 70 13 is_stmt 0 view .LVU41
 144 0048 C8F80040 		str	r4, [r8]
  71:Src/app_camerapipeline.c **** 
 145              		.loc 1 71 3 is_stmt 1 view .LVU42
  74:Src/app_camerapipeline.c ****   dcmipp_conf.output_format = DCMIPP_PIXEL_PACKER_FORMAT_RGB565_1;
 146              		.loc 1 74 29 is_stmt 0 view .LVU43
 147 004c CDE90744 		strd	r4, r4, [sp, #28]
  71:Src/app_camerapipeline.c **** 
 148              		.loc 1 71 14 view .LVU44
 149 0050 3C60     		str	r4, [r7]
  73:Src/app_camerapipeline.c ****   dcmipp_conf.output_height = lcd_bg_height;
 150              		.loc 1 73 3 is_stmt 1 view .LVU45
  75:Src/app_camerapipeline.c ****   dcmipp_conf.output_bpp = 2;
 151              		.loc 1 75 3 view .LVU46
  75:Src/app_camerapipeline.c ****   dcmipp_conf.output_bpp = 2;
 152              		.loc 1 75 29 is_stmt 0 view .LVU47
 153 0052 0124     		movs	r4, #1
 154              	.LVL10:
  80:Src/app_camerapipeline.c ****   assert(ret == HAL_OK);
 155              		.loc 1 80 9 view .LVU48
ARM GAS  C:\Users\Antonio\AppData\Local\Temp\ccXJqROZ.s 			page 7


 156 0054 6A46     		mov	r2, sp
 157 0056 2046     		mov	r0, r4
 158 0058 07A9     		add	r1, sp, #28
  76:Src/app_camerapipeline.c ****   dcmipp_conf.mode = aspect_ratio;
 159              		.loc 1 76 26 view .LVU49
 160 005a CDE90945 		strd	r4, r5, [sp, #36]
  77:Src/app_camerapipeline.c ****   dcmipp_conf.enable_gamma_conversion = GAMMA_CONVERSION;
 161              		.loc 1 77 3 is_stmt 1 view .LVU50
  78:Src/app_camerapipeline.c ****   uint32_t pitch;
 162              		.loc 1 78 3 view .LVU51
  79:Src/app_camerapipeline.c ****   ret = CMW_CAMERA_SetPipeConfig(DCMIPP_PIPE1, &dcmipp_conf, &pitch);
 163              		.loc 1 79 3 view .LVU52
  80:Src/app_camerapipeline.c ****   assert(ret == HAL_OK);
 164              		.loc 1 80 3 view .LVU53
  80:Src/app_camerapipeline.c ****   assert(ret == HAL_OK);
 165              		.loc 1 80 9 is_stmt 0 view .LVU54
 166 005e FFF7FEFF 		bl	CMW_CAMERA_SetPipeConfig
 167              	.LVL11:
  81:Src/app_camerapipeline.c ****   assert(dcmipp_conf.output_width * dcmipp_conf.output_bpp == pitch);
 168              		.loc 1 81 3 is_stmt 1 view .LVU55
 169 0062 18B1     		cbz	r0, .L3
  81:Src/app_camerapipeline.c ****   assert(dcmipp_conf.output_width * dcmipp_conf.output_bpp == pitch);
 170              		.loc 1 81 3 is_stmt 0 discriminator 1 view .LVU56
 171 0064 5121     		movs	r1, #81
 172 0066 144B     		ldr	r3, .L7+12
 173 0068 144A     		ldr	r2, .L7+16
 174 006a E0E7     		b	.L6
 175              	.L3:
  82:Src/app_camerapipeline.c **** }
 176              		.loc 1 82 3 is_stmt 1 view .LVU57
 177 006c 0A9A     		ldr	r2, [sp, #40]
 178 006e 079B     		ldr	r3, [sp, #28]
 179 0070 5343     		muls	r3, r2, r3
 180 0072 009A     		ldr	r2, [sp]
 181 0074 9342     		cmp	r3, r2
 182 0076 03D0     		beq	.L4
  82:Src/app_camerapipeline.c **** }
 183              		.loc 1 82 3 is_stmt 0 discriminator 1 view .LVU58
 184 0078 5221     		movs	r1, #82
 185 007a 114B     		ldr	r3, .L7+20
 186 007c 0F4A     		ldr	r2, .L7+16
 187 007e D6E7     		b	.L6
 188              	.L4:
 189              	.LVL12:
  82:Src/app_camerapipeline.c **** }
 190              		.loc 1 82 3 discriminator 1 view .LVU59
 191              	.LBE8:
 192              	.LBE9:
 136:Src/app_camerapipeline.c ****   DCMIPP_PipeInitNn(pitch_nn);
 193              		.loc 1 136 3 is_stmt 1 view .LVU60
 194              	.LBB10:
 195              	.LBI10:
  85:Src/app_camerapipeline.c **** {
 196              		.loc 1 85 13 view .LVU61
 197              	.LBB11:
  87:Src/app_camerapipeline.c ****   CMW_DCMIPP_Conf_t dcmipp_conf;
 198              		.loc 1 87 3 view .LVU62
ARM GAS  C:\Users\Antonio\AppData\Local\Temp\ccXJqROZ.s 			page 8


  88:Src/app_camerapipeline.c ****   int ret;
 199              		.loc 1 88 3 view .LVU63
  89:Src/app_camerapipeline.c **** 
 200              		.loc 1 89 3 view .LVU64
  91:Src/app_camerapipeline.c ****   {
 201              		.loc 1 91 3 view .LVU65
  93:Src/app_camerapipeline.c ****   }
 202              		.loc 1 93 5 view .LVU66
 104:Src/app_camerapipeline.c ****   dcmipp_conf.output_height = NN_HEIGHT;
 203              		.loc 1 104 3 view .LVU67
 104:Src/app_camerapipeline.c ****   dcmipp_conf.output_height = NN_HEIGHT;
 204              		.loc 1 104 28 is_stmt 0 view .LVU68
 205 0080 C023     		movs	r3, #192
 105:Src/app_camerapipeline.c ****   dcmipp_conf.output_format = DCMIPP_PIXEL_PACKER_FORMAT_RGB888_YUV444_1;
 206              		.loc 1 105 29 view .LVU69
 207 0082 CDE90733 		strd	r3, r3, [sp, #28]
 106:Src/app_camerapipeline.c ****   dcmipp_conf.output_bpp = NN_BPP;
 208              		.loc 1 106 3 is_stmt 1 view .LVU70
 107:Src/app_camerapipeline.c ****   dcmipp_conf.mode = aspect_ratio;
 209              		.loc 1 107 26 is_stmt 0 view .LVU71
 210 0086 0323     		movs	r3, #3
 110:Src/app_camerapipeline.c ****   ret = CMW_CAMERA_SetPipeConfig(DCMIPP_PIPE2, &dcmipp_conf, pitch);
 211              		.loc 1 110 39 view .LVU72
 212 0088 CDE90B40 		strd	r4, r0, [sp, #44]
 106:Src/app_camerapipeline.c ****   dcmipp_conf.output_bpp = NN_BPP;
 213              		.loc 1 106 29 view .LVU73
 214 008c 0990     		str	r0, [sp, #36]
 107:Src/app_camerapipeline.c ****   dcmipp_conf.mode = aspect_ratio;
 215              		.loc 1 107 3 is_stmt 1 view .LVU74
 108:Src/app_camerapipeline.c ****   dcmipp_conf.enable_swap = COLOR_MODE;
 216              		.loc 1 108 20 is_stmt 0 view .LVU75
 217 008e 0D90     		str	r0, [sp, #52]
 111:Src/app_camerapipeline.c ****   assert(ret == HAL_OK);
 218              		.loc 1 111 9 view .LVU76
 219 0090 3246     		mov	r2, r6
 220 0092 2846     		mov	r0, r5
 221 0094 07A9     		add	r1, sp, #28
 107:Src/app_camerapipeline.c ****   dcmipp_conf.mode = aspect_ratio;
 222              		.loc 1 107 26 view .LVU77
 223 0096 0A93     		str	r3, [sp, #40]
 108:Src/app_camerapipeline.c ****   dcmipp_conf.enable_swap = COLOR_MODE;
 224              		.loc 1 108 3 is_stmt 1 view .LVU78
 109:Src/app_camerapipeline.c ****   dcmipp_conf.enable_gamma_conversion = GAMMA_CONVERSION;
 225              		.loc 1 109 3 view .LVU79
 111:Src/app_camerapipeline.c ****   assert(ret == HAL_OK);
 226              		.loc 1 111 3 view .LVU80
 111:Src/app_camerapipeline.c ****   assert(ret == HAL_OK);
 227              		.loc 1 111 9 is_stmt 0 view .LVU81
 228 0098 FFF7FEFF 		bl	CMW_CAMERA_SetPipeConfig
 229              	.LVL13:
 112:Src/app_camerapipeline.c **** }
 230              		.loc 1 112 3 is_stmt 1 view .LVU82
 231 009c 18B1     		cbz	r0, .L1
 112:Src/app_camerapipeline.c **** }
 232              		.loc 1 112 3 is_stmt 0 discriminator 1 view .LVU83
 233 009e 7021     		movs	r1, #112
 234 00a0 054B     		ldr	r3, .L7+12
ARM GAS  C:\Users\Antonio\AppData\Local\Temp\ccXJqROZ.s 			page 9


 235 00a2 084A     		ldr	r2, .L7+24
 236 00a4 C3E7     		b	.L6
 237              	.L1:
 238              	.LBE11:
 239              	.LBE10:
 137:Src/app_camerapipeline.c **** }
 240              		.loc 1 137 1 view .LVU84
 241 00a6 12B0     		add	sp, sp, #72
 242              		.cfi_def_cfa_offset 24
 243              		@ sp needed
 244 00a8 BDE8F081 		pop	{r4, r5, r6, r7, r8, pc}
 245              	.LVL14:
 246              	.L8:
 247              		.loc 1 137 1 view .LVU85
 248              		.align	2
 249              	.L7:
 250 00ac 00000000 		.word	.LC0
 251 00b0 00000000 		.word	__func__.7
 252 00b4 16000000 		.word	.LC1
 253 00b8 2F000000 		.word	.LC2
 254 00bc 00000000 		.word	__func__.6
 255 00c0 3D000000 		.word	.LC3
 256 00c4 00000000 		.word	__func__.5
 257              		.cfi_endproc
 258              	.LFE3344:
 260              		.section	.text.CameraPipeline_DeInit,"ax",%progbits
 261              		.align	1
 262              		.global	CameraPipeline_DeInit
 263              		.syntax unified
 264              		.thumb
 265              		.thumb_func
 267              	CameraPipeline_DeInit:
 268              	.LFB3345:
 138:Src/app_camerapipeline.c **** 
 139:Src/app_camerapipeline.c **** void CameraPipeline_DeInit(void)
 140:Src/app_camerapipeline.c **** {
 269              		.loc 1 140 1 is_stmt 1 view -0
 270              		.cfi_startproc
 271              		@ args = 0, pretend = 0, frame = 0
 272              		@ frame_needed = 0, uses_anonymous_args = 0
 141:Src/app_camerapipeline.c ****   int ret;
 273              		.loc 1 141 3 view .LVU87
 142:Src/app_camerapipeline.c ****   ret = CMW_CAMERA_DeInit();
 274              		.loc 1 142 3 view .LVU88
 140:Src/app_camerapipeline.c ****   int ret;
 275              		.loc 1 140 1 is_stmt 0 view .LVU89
 276 0000 08B5     		push	{r3, lr}
 277              		.cfi_def_cfa_offset 8
 278              		.cfi_offset 3, -8
 279              		.cfi_offset 14, -4
 280              		.loc 1 142 9 view .LVU90
 281 0002 FFF7FEFF 		bl	CMW_CAMERA_DeInit
 282              	.LVL15:
 143:Src/app_camerapipeline.c ****   assert(ret == CMW_ERROR_NONE);
 283              		.loc 1 143 3 is_stmt 1 view .LVU91
 284 0006 28B1     		cbz	r0, .L9
 285              		.loc 1 143 3 is_stmt 0 discriminator 1 view .LVU92
ARM GAS  C:\Users\Antonio\AppData\Local\Temp\ccXJqROZ.s 			page 10


 286 0008 8F21     		movs	r1, #143
 287 000a 034B     		ldr	r3, .L11
 288 000c 034A     		ldr	r2, .L11+4
 289 000e 0448     		ldr	r0, .L11+8
 290              	.LVL16:
 291              		.loc 1 143 3 discriminator 1 view .LVU93
 292 0010 FFF7FEFF 		bl	__assert_func
 293              	.LVL17:
 294              	.L9:
 144:Src/app_camerapipeline.c **** }
 295              		.loc 1 144 1 view .LVU94
 296 0014 08BD     		pop	{r3, pc}
 297              	.L12:
 298 0016 00BF     		.align	2
 299              	.L11:
 300 0018 00000000 		.word	.LC0
 301 001c 00000000 		.word	__func__.4
 302 0020 16000000 		.word	.LC1
 303              		.cfi_endproc
 304              	.LFE3345:
 306              		.section	.text.CameraPipeline_DisplayPipe_Start,"ax",%progbits
 307              		.align	1
 308              		.global	CameraPipeline_DisplayPipe_Start
 309              		.syntax unified
 310              		.thumb
 311              		.thumb_func
 313              	CameraPipeline_DisplayPipe_Start:
 314              	.LVL18:
 315              	.LFB3346:
 145:Src/app_camerapipeline.c **** 
 146:Src/app_camerapipeline.c **** void CameraPipeline_DisplayPipe_Start(uint8_t *display_pipe_dst, uint32_t cam_mode)
 147:Src/app_camerapipeline.c **** {
 316              		.loc 1 147 1 is_stmt 1 view -0
 317              		.cfi_startproc
 318              		@ args = 0, pretend = 0, frame = 0
 319              		@ frame_needed = 0, uses_anonymous_args = 0
 148:Src/app_camerapipeline.c ****   int ret;
 320              		.loc 1 148 3 view .LVU96
 149:Src/app_camerapipeline.c ****   ret = CMW_CAMERA_Start(DCMIPP_PIPE1, display_pipe_dst, cam_mode);
 321              		.loc 1 149 3 view .LVU97
 147:Src/app_camerapipeline.c ****   int ret;
 322              		.loc 1 147 1 is_stmt 0 view .LVU98
 323 0000 0A46     		mov	r2, r1
 324 0002 08B5     		push	{r3, lr}
 325              		.cfi_def_cfa_offset 8
 326              		.cfi_offset 3, -8
 327              		.cfi_offset 14, -4
 328              		.loc 1 149 9 view .LVU99
 329 0004 0146     		mov	r1, r0
 330              	.LVL19:
 331              		.loc 1 149 9 view .LVU100
 332 0006 0120     		movs	r0, #1
 333              	.LVL20:
 334              		.loc 1 149 9 view .LVU101
 335 0008 FFF7FEFF 		bl	CMW_CAMERA_Start
 336              	.LVL21:
 150:Src/app_camerapipeline.c ****   assert(ret == CMW_ERROR_NONE);
ARM GAS  C:\Users\Antonio\AppData\Local\Temp\ccXJqROZ.s 			page 11


 337              		.loc 1 150 3 is_stmt 1 view .LVU102
 338 000c 28B1     		cbz	r0, .L13
 339              		.loc 1 150 3 is_stmt 0 discriminator 1 view .LVU103
 340 000e 9621     		movs	r1, #150
 341 0010 024B     		ldr	r3, .L15
 342 0012 034A     		ldr	r2, .L15+4
 343 0014 0348     		ldr	r0, .L15+8
 344              	.LVL22:
 345              		.loc 1 150 3 discriminator 1 view .LVU104
 346 0016 FFF7FEFF 		bl	__assert_func
 347              	.LVL23:
 348              	.L13:
 151:Src/app_camerapipeline.c **** }
 349              		.loc 1 151 1 view .LVU105
 350 001a 08BD     		pop	{r3, pc}
 351              	.L16:
 352              		.align	2
 353              	.L15:
 354 001c 00000000 		.word	.LC0
 355 0020 00000000 		.word	__func__.3
 356 0024 16000000 		.word	.LC1
 357              		.cfi_endproc
 358              	.LFE3346:
 360              		.section	.text.CameraPipeline_NNPipe_Start,"ax",%progbits
 361              		.align	1
 362              		.global	CameraPipeline_NNPipe_Start
 363              		.syntax unified
 364              		.thumb
 365              		.thumb_func
 367              	CameraPipeline_NNPipe_Start:
 368              	.LVL24:
 369              	.LFB3347:
 152:Src/app_camerapipeline.c **** 
 153:Src/app_camerapipeline.c **** void CameraPipeline_NNPipe_Start(uint8_t *nn_pipe_dst, uint32_t cam_mode)
 154:Src/app_camerapipeline.c **** {
 370              		.loc 1 154 1 is_stmt 1 view -0
 371              		.cfi_startproc
 372              		@ args = 0, pretend = 0, frame = 0
 373              		@ frame_needed = 0, uses_anonymous_args = 0
 155:Src/app_camerapipeline.c ****   int ret;
 374              		.loc 1 155 3 view .LVU107
 156:Src/app_camerapipeline.c **** 
 157:Src/app_camerapipeline.c ****   ret = CMW_CAMERA_Start(DCMIPP_PIPE2, nn_pipe_dst, cam_mode);
 375              		.loc 1 157 3 view .LVU108
 154:Src/app_camerapipeline.c ****   int ret;
 376              		.loc 1 154 1 is_stmt 0 view .LVU109
 377 0000 0A46     		mov	r2, r1
 378 0002 08B5     		push	{r3, lr}
 379              		.cfi_def_cfa_offset 8
 380              		.cfi_offset 3, -8
 381              		.cfi_offset 14, -4
 382              		.loc 1 157 9 view .LVU110
 383 0004 0146     		mov	r1, r0
 384              	.LVL25:
 385              		.loc 1 157 9 view .LVU111
 386 0006 0220     		movs	r0, #2
 387              	.LVL26:
ARM GAS  C:\Users\Antonio\AppData\Local\Temp\ccXJqROZ.s 			page 12


 388              		.loc 1 157 9 view .LVU112
 389 0008 FFF7FEFF 		bl	CMW_CAMERA_Start
 390              	.LVL27:
 158:Src/app_camerapipeline.c ****   assert(ret == CMW_ERROR_NONE);
 391              		.loc 1 158 3 is_stmt 1 view .LVU113
 392 000c 28B1     		cbz	r0, .L17
 393              		.loc 1 158 3 is_stmt 0 discriminator 1 view .LVU114
 394 000e 9E21     		movs	r1, #158
 395 0010 024B     		ldr	r3, .L19
 396 0012 034A     		ldr	r2, .L19+4
 397 0014 0348     		ldr	r0, .L19+8
 398              	.LVL28:
 399              		.loc 1 158 3 discriminator 1 view .LVU115
 400 0016 FFF7FEFF 		bl	__assert_func
 401              	.LVL29:
 402              	.L17:
 159:Src/app_camerapipeline.c **** }
 403              		.loc 1 159 1 view .LVU116
 404 001a 08BD     		pop	{r3, pc}
 405              	.L20:
 406              		.align	2
 407              	.L19:
 408 001c 00000000 		.word	.LC0
 409 0020 00000000 		.word	__func__.2
 410 0024 16000000 		.word	.LC1
 411              		.cfi_endproc
 412              	.LFE3347:
 414              		.section	.text.CameraPipeline_DisplayPipe_Stop,"ax",%progbits
 415              		.align	1
 416              		.global	CameraPipeline_DisplayPipe_Stop
 417              		.syntax unified
 418              		.thumb
 419              		.thumb_func
 421              	CameraPipeline_DisplayPipe_Stop:
 422              	.LFB3348:
 160:Src/app_camerapipeline.c **** 
 161:Src/app_camerapipeline.c **** void CameraPipeline_DisplayPipe_Stop()
 162:Src/app_camerapipeline.c **** {
 423              		.loc 1 162 1 is_stmt 1 view -0
 424              		.cfi_startproc
 425              		@ args = 0, pretend = 0, frame = 0
 426              		@ frame_needed = 0, uses_anonymous_args = 0
 163:Src/app_camerapipeline.c ****   int ret;
 427              		.loc 1 163 3 view .LVU118
 164:Src/app_camerapipeline.c ****   ret = CMW_CAMERA_Suspend(DCMIPP_PIPE1);
 428              		.loc 1 164 3 view .LVU119
 162:Src/app_camerapipeline.c ****   int ret;
 429              		.loc 1 162 1 is_stmt 0 view .LVU120
 430 0000 08B5     		push	{r3, lr}
 431              		.cfi_def_cfa_offset 8
 432              		.cfi_offset 3, -8
 433              		.cfi_offset 14, -4
 434              		.loc 1 164 9 view .LVU121
 435 0002 0120     		movs	r0, #1
 436 0004 FFF7FEFF 		bl	CMW_CAMERA_Suspend
 437              	.LVL30:
 165:Src/app_camerapipeline.c ****   assert(ret == CMW_ERROR_NONE);
ARM GAS  C:\Users\Antonio\AppData\Local\Temp\ccXJqROZ.s 			page 13


 438              		.loc 1 165 3 is_stmt 1 view .LVU122
 439 0008 28B1     		cbz	r0, .L21
 440              		.loc 1 165 3 is_stmt 0 discriminator 1 view .LVU123
 441 000a A521     		movs	r1, #165
 442 000c 024B     		ldr	r3, .L23
 443 000e 034A     		ldr	r2, .L23+4
 444 0010 0348     		ldr	r0, .L23+8
 445              	.LVL31:
 446              		.loc 1 165 3 discriminator 1 view .LVU124
 447 0012 FFF7FEFF 		bl	__assert_func
 448              	.LVL32:
 449              	.L21:
 166:Src/app_camerapipeline.c **** }
 450              		.loc 1 166 1 view .LVU125
 451 0016 08BD     		pop	{r3, pc}
 452              	.L24:
 453              		.align	2
 454              	.L23:
 455 0018 00000000 		.word	.LC0
 456 001c 00000000 		.word	__func__.1
 457 0020 16000000 		.word	.LC1
 458              		.cfi_endproc
 459              	.LFE3348:
 461              		.section	.text.CameraPipeline_IspUpdate,"ax",%progbits
 462              		.align	1
 463              		.global	CameraPipeline_IspUpdate
 464              		.syntax unified
 465              		.thumb
 466              		.thumb_func
 468              	CameraPipeline_IspUpdate:
 469              	.LFB3349:
 167:Src/app_camerapipeline.c **** 
 168:Src/app_camerapipeline.c **** void CameraPipeline_IspUpdate(void)
 169:Src/app_camerapipeline.c **** {
 470              		.loc 1 169 1 is_stmt 1 view -0
 471              		.cfi_startproc
 472              		@ args = 0, pretend = 0, frame = 0
 473              		@ frame_needed = 0, uses_anonymous_args = 0
 170:Src/app_camerapipeline.c ****   int ret = CMW_ERROR_NONE;
 474              		.loc 1 170 3 view .LVU127
 475              	.LVL33:
 171:Src/app_camerapipeline.c ****   ret = CMW_CAMERA_Run();
 476              		.loc 1 171 3 view .LVU128
 169:Src/app_camerapipeline.c ****   int ret = CMW_ERROR_NONE;
 477              		.loc 1 169 1 is_stmt 0 view .LVU129
 478 0000 08B5     		push	{r3, lr}
 479              		.cfi_def_cfa_offset 8
 480              		.cfi_offset 3, -8
 481              		.cfi_offset 14, -4
 482              		.loc 1 171 9 view .LVU130
 483 0002 FFF7FEFF 		bl	CMW_CAMERA_Run
 484              	.LVL34:
 172:Src/app_camerapipeline.c ****   assert(ret == CMW_ERROR_NONE);
 485              		.loc 1 172 3 is_stmt 1 view .LVU131
 486 0006 28B1     		cbz	r0, .L25
 487              		.loc 1 172 3 is_stmt 0 discriminator 1 view .LVU132
 488 0008 AC21     		movs	r1, #172
ARM GAS  C:\Users\Antonio\AppData\Local\Temp\ccXJqROZ.s 			page 14


 489 000a 034B     		ldr	r3, .L27
 490 000c 034A     		ldr	r2, .L27+4
 491 000e 0448     		ldr	r0, .L27+8
 492              	.LVL35:
 493              		.loc 1 172 3 discriminator 1 view .LVU133
 494 0010 FFF7FEFF 		bl	__assert_func
 495              	.LVL36:
 496              	.L25:
 173:Src/app_camerapipeline.c **** }
 497              		.loc 1 173 1 view .LVU134
 498 0014 08BD     		pop	{r3, pc}
 499              	.L28:
 500 0016 00BF     		.align	2
 501              	.L27:
 502 0018 00000000 		.word	.LC0
 503 001c 00000000 		.word	__func__.0
 504 0020 16000000 		.word	.LC1
 505              		.cfi_endproc
 506              	.LFE3349:
 508              		.section	.text.CMW_CAMERA_PIPE_FrameEventCallback,"ax",%progbits
 509              		.align	1
 510              		.global	CMW_CAMERA_PIPE_FrameEventCallback
 511              		.syntax unified
 512              		.thumb
 513              		.thumb_func
 515              	CMW_CAMERA_PIPE_FrameEventCallback:
 516              	.LVL37:
 517              	.LFB3350:
 174:Src/app_camerapipeline.c **** 
 175:Src/app_camerapipeline.c **** /**
 176:Src/app_camerapipeline.c ****   * @brief  Frame event callback
 177:Src/app_camerapipeline.c ****   * @param  hdcmipp pointer to the DCMIPP handle
 178:Src/app_camerapipeline.c ****   * @retval None
 179:Src/app_camerapipeline.c ****   */
 180:Src/app_camerapipeline.c **** int CMW_CAMERA_PIPE_FrameEventCallback(uint32_t pipe)
 181:Src/app_camerapipeline.c **** {
 518              		.loc 1 181 1 is_stmt 1 view -0
 519              		.cfi_startproc
 520              		@ args = 0, pretend = 0, frame = 0
 521              		@ frame_needed = 0, uses_anonymous_args = 0
 522              		@ link register save eliminated.
 182:Src/app_camerapipeline.c ****   switch (pipe)
 523              		.loc 1 182 3 view .LVU136
 524 0000 0228     		cmp	r0, #2
 183:Src/app_camerapipeline.c ****   {
 184:Src/app_camerapipeline.c ****     case DCMIPP_PIPE2 :
 185:Src/app_camerapipeline.c ****       cameraFrameReceived++;
 525              		.loc 1 185 7 view .LVU137
 526              		.loc 1 185 26 is_stmt 0 view .LVU138
 527 0002 08BF     		it	eq
 528 0004 034A     		ldreq	r2, .L31
 186:Src/app_camerapipeline.c ****       break;
 187:Src/app_camerapipeline.c ****   }
 188:Src/app_camerapipeline.c ****   return 0;
 189:Src/app_camerapipeline.c **** }
 529              		.loc 1 189 1 view .LVU139
 530 0006 4FF00000 		mov	r0, #0
ARM GAS  C:\Users\Antonio\AppData\Local\Temp\ccXJqROZ.s 			page 15


 531              	.LVL38:
 185:Src/app_camerapipeline.c ****       break;
 532              		.loc 1 185 26 view .LVU140
 533 000a 02BF     		ittt	eq
 534 000c 1368     		ldreq	r3, [r2]
 535 000e 0133     		addeq	r3, r3, #1
 536 0010 1360     		streq	r3, [r2]
 186:Src/app_camerapipeline.c ****       break;
 537              		.loc 1 186 7 is_stmt 1 view .LVU141
 188:Src/app_camerapipeline.c **** }
 538              		.loc 1 188 3 view .LVU142
 539              		.loc 1 189 1 is_stmt 0 view .LVU143
 540 0012 7047     		bx	lr
 541              	.L32:
 542              		.align	2
 543              	.L31:
 544 0014 00000000 		.word	cameraFrameReceived
 545              		.cfi_endproc
 546              	.LFE3350:
 548              		.section	.rodata.__func__.0,"a"
 551              	__func__.0:
 552 0000 43616D65 		.ascii	"CameraPipeline_IspUpdate\000"
 552      72615069 
 552      70656C69 
 552      6E655F49 
 552      73705570 
 553              		.section	.rodata.__func__.1,"a"
 556              	__func__.1:
 557 0000 43616D65 		.ascii	"CameraPipeline_DisplayPipe_Stop\000"
 557      72615069 
 557      70656C69 
 557      6E655F44 
 557      6973706C 
 558              		.section	.rodata.__func__.2,"a"
 561              	__func__.2:
 562 0000 43616D65 		.ascii	"CameraPipeline_NNPipe_Start\000"
 562      72615069 
 562      70656C69 
 562      6E655F4E 
 562      4E506970 
 563              		.section	.rodata.__func__.3,"a"
 566              	__func__.3:
 567 0000 43616D65 		.ascii	"CameraPipeline_DisplayPipe_Start\000"
 567      72615069 
 567      70656C69 
 567      6E655F44 
 567      6973706C 
 568              		.section	.rodata.__func__.4,"a"
 571              	__func__.4:
 572 0000 43616D65 		.ascii	"CameraPipeline_DeInit\000"
 572      72615069 
 572      70656C69 
 572      6E655F44 
 572      65496E69 
 573              		.section	.rodata.__func__.5,"a"
 576              	__func__.5:
 577 0000 44434D49 		.ascii	"DCMIPP_PipeInitNn\000"
ARM GAS  C:\Users\Antonio\AppData\Local\Temp\ccXJqROZ.s 			page 16


 577      50505F50 
 577      69706549 
 577      6E69744E 
 577      6E00
 578              		.section	.rodata.__func__.6,"a"
 581              	__func__.6:
 582 0000 44434D49 		.ascii	"DCMIPP_PipeInitDisplay\000"
 582      50505F50 
 582      69706549 
 582      6E697444 
 582      6973706C 
 583              		.section	.rodata.__func__.7,"a"
 586              	__func__.7:
 587 0000 43616D65 		.ascii	"CameraPipeline_Init\000"
 587      72615069 
 587      70656C69 
 587      6E655F49 
 587      6E697400 
 588              		.text
 589              	.Letext0:
 590              		.file 2 "C:\\ST\\STM32CubeIDE_1.19.0\\STM32CubeIDE\\plugins\\com.st.stm32cube.ide.mcu.externaltool
 591              		.file 3 "C:\\ST\\STM32CubeIDE_1.19.0\\STM32CubeIDE\\plugins\\com.st.stm32cube.ide.mcu.externaltool
 592              		.file 4 "../../STM32Cube_FW_N6/Drivers/STM32N6xx_HAL_Driver/Inc/stm32n6xx_hal_def.h"
 593              		.file 5 "../../Middlewares/Camera_Middleware/cmw_camera.h"
 594              		.file 6 "C:\\ST\\STM32CubeIDE_1.19.0\\STM32CubeIDE\\plugins\\com.st.stm32cube.ide.mcu.externaltool
 595              		.file 7 "<built-in>"
ARM GAS  C:\Users\Antonio\AppData\Local\Temp\ccXJqROZ.s 			page 17


DEFINED SYMBOLS
                            *ABS*:00000000 app_camerapipeline.c
C:\Users\Antonio\AppData\Local\Temp\ccXJqROZ.s:36     .text.CameraPipeline_Init:00000000 $t
C:\Users\Antonio\AppData\Local\Temp\ccXJqROZ.s:42     .text.CameraPipeline_Init:00000000 CameraPipeline_Init
C:\Users\Antonio\AppData\Local\Temp\ccXJqROZ.s:250    .text.CameraPipeline_Init:000000ac $d
C:\Users\Antonio\AppData\Local\Temp\ccXJqROZ.s:586    .rodata.__func__.7:00000000 __func__.7
C:\Users\Antonio\AppData\Local\Temp\ccXJqROZ.s:581    .rodata.__func__.6:00000000 __func__.6
C:\Users\Antonio\AppData\Local\Temp\ccXJqROZ.s:576    .rodata.__func__.5:00000000 __func__.5
C:\Users\Antonio\AppData\Local\Temp\ccXJqROZ.s:261    .text.CameraPipeline_DeInit:00000000 $t
C:\Users\Antonio\AppData\Local\Temp\ccXJqROZ.s:267    .text.CameraPipeline_DeInit:00000000 CameraPipeline_DeInit
C:\Users\Antonio\AppData\Local\Temp\ccXJqROZ.s:300    .text.CameraPipeline_DeInit:00000018 $d
C:\Users\Antonio\AppData\Local\Temp\ccXJqROZ.s:571    .rodata.__func__.4:00000000 __func__.4
C:\Users\Antonio\AppData\Local\Temp\ccXJqROZ.s:307    .text.CameraPipeline_DisplayPipe_Start:00000000 $t
C:\Users\Antonio\AppData\Local\Temp\ccXJqROZ.s:313    .text.CameraPipeline_DisplayPipe_Start:00000000 CameraPipeline_DisplayPipe_Start
C:\Users\Antonio\AppData\Local\Temp\ccXJqROZ.s:354    .text.CameraPipeline_DisplayPipe_Start:0000001c $d
C:\Users\Antonio\AppData\Local\Temp\ccXJqROZ.s:566    .rodata.__func__.3:00000000 __func__.3
C:\Users\Antonio\AppData\Local\Temp\ccXJqROZ.s:361    .text.CameraPipeline_NNPipe_Start:00000000 $t
C:\Users\Antonio\AppData\Local\Temp\ccXJqROZ.s:367    .text.CameraPipeline_NNPipe_Start:00000000 CameraPipeline_NNPipe_Start
C:\Users\Antonio\AppData\Local\Temp\ccXJqROZ.s:408    .text.CameraPipeline_NNPipe_Start:0000001c $d
C:\Users\Antonio\AppData\Local\Temp\ccXJqROZ.s:561    .rodata.__func__.2:00000000 __func__.2
C:\Users\Antonio\AppData\Local\Temp\ccXJqROZ.s:415    .text.CameraPipeline_DisplayPipe_Stop:00000000 $t
C:\Users\Antonio\AppData\Local\Temp\ccXJqROZ.s:421    .text.CameraPipeline_DisplayPipe_Stop:00000000 CameraPipeline_DisplayPipe_Stop
C:\Users\Antonio\AppData\Local\Temp\ccXJqROZ.s:455    .text.CameraPipeline_DisplayPipe_Stop:00000018 $d
C:\Users\Antonio\AppData\Local\Temp\ccXJqROZ.s:556    .rodata.__func__.1:00000000 __func__.1
C:\Users\Antonio\AppData\Local\Temp\ccXJqROZ.s:462    .text.CameraPipeline_IspUpdate:00000000 $t
C:\Users\Antonio\AppData\Local\Temp\ccXJqROZ.s:468    .text.CameraPipeline_IspUpdate:00000000 CameraPipeline_IspUpdate
C:\Users\Antonio\AppData\Local\Temp\ccXJqROZ.s:502    .text.CameraPipeline_IspUpdate:00000018 $d
C:\Users\Antonio\AppData\Local\Temp\ccXJqROZ.s:551    .rodata.__func__.0:00000000 __func__.0
C:\Users\Antonio\AppData\Local\Temp\ccXJqROZ.s:509    .text.CMW_CAMERA_PIPE_FrameEventCallback:00000000 $t
C:\Users\Antonio\AppData\Local\Temp\ccXJqROZ.s:515    .text.CMW_CAMERA_PIPE_FrameEventCallback:00000000 CMW_CAMERA_PIPE_FrameEventCallback
C:\Users\Antonio\AppData\Local\Temp\ccXJqROZ.s:544    .text.CMW_CAMERA_PIPE_FrameEventCallback:00000014 $d
                           .group:00000000 wm4.0.edffc6ad2f5eb1e671bbefdf8c481eb3
                           .group:00000000 wm4._newlib_version.h.4.411db44ea2338a62eca2f0777f81481b
                           .group:00000000 wm4.newlib.h.27.a82728f74da661df333d09507bfef510
                           .group:00000000 wm4.ieeefp.h.77.bd5feb87d9990dd328793ced294f6a87
                           .group:00000000 wm4.features.h.22.9dfb1293666eb4caf24cccb81c86a551
                           .group:00000000 wm4.config.h.224.10ee1ad185d877c6e334e6581faab44d
                           .group:00000000 wm4._ansi.h.31.de524f58584151836e90d8620a16f8e8
                           .group:00000000 wm4.assert.h.11.db24e541f16414db224bf986d21017e2
                           .group:00000000 wm4.cmw_errno.h.21.91021ac9b2627a1ce6b8517d105715d1
                           .group:00000000 wm4.stm32n6xx_hal_conf.h.21.e6f895f5dec93fd886896ef3aa220611
                           .group:00000000 wm4.stddef.h.39.0dc9006b34572d4d9cae4c8b422c4971
                           .group:00000000 wm4.arm_cmse.h.103.a0d15a79c4c9a67da8d5831704d7248e
                           .group:00000000 wm4.stm32n6xx.h.34.80585dd08aa426c932f6311fdb7386da
                           .group:00000000 wm4.stm32n657xx.h.26.acd272cb67318cc1a4791ce2f0720ca6
                           .group:00000000 wm4._default_types.h.6.959254cf5f09734ea7516c89e8bb21bd
                           .group:00000000 wm4._intsup.h.10.48bafbb683905c4daa4565a85aeeb264
                           .group:00000000 wm4._stdint.h.10.c24fa3af3bc1706662bb5593a907e841
                           .group:00000000 wm4.stdint.h.23.d53047a68f4a85177f80b422d52785ed
                           .group:00000000 wm4.cmsis_version.h.32.0ac195c83bb4537824e6ad1c47474b79
                           .group:00000000 wm4.core_cm55.h.68.832d5cf835639cc0d28219c3d2867330
                           .group:00000000 wm4.cmsis_gcc.h.26.7a5fd1a99dbedde687044a4433ab3e15
                           .group:00000000 wm4.core_cm55.h.196.52e437a270752da561676e507b35baeb
                           .group:00000000 wm4.mpu_armv8.h.32.9d72426c8e2b47753456dcb84802c5b3
                           .group:00000000 wm4.pmu_armv8.h.32.eaa95f88a71b29390b135fd81c071b6b
                           .group:00000000 wm4.core_cm55.h.4411.860dad8650880893dd57b815844f7186
                           .group:00000000 wm4.cachel1_armv7.h.32.abd77761a989e008b0c60891114a33c7
ARM GAS  C:\Users\Antonio\AppData\Local\Temp\ccXJqROZ.s 			page 18


                           .group:00000000 wm4.stm32n657xx.h.575.1c2a5e6bedffc6f9083dcc857bc6d09d
                           .group:00000000 wm4.stm32n6xx.h.114.5cf793d8af485e14f110e3e24bde1aa5
                           .group:00000000 wm4.stm32_hal_legacy.h.22.87fb12bf5a1a1e00fc134f22bc9aa8c4
                           .group:00000000 wm4.cdefs.h.49.70fc7af612f78ddcace70fdd90b5623b
                           .group:00000000 wm4._types.h.20.dd0d04dca3800a0d2a6129b87f3adbb2
                           .group:00000000 wm4.stddef.h.158.6f8e08a347b1cff664332fa350bfceb3
                           .group:00000000 wm4._types.h.127.3bdfe3ff8ea2d0985b03d9cbe93480e3
                           .group:00000000 wm4.reent.h.18.25503cdc8b7e55dd0d6ea7b3e5af7a03
                           .group:00000000 wm4.lock.h.2.1461d1fff82dffe8bfddc23307f6484f
                           .group:00000000 wm4.reent.h.78.6b87466b04591b1f1cb88c14fdf2ba9e
                           .group:00000000 wm4.math.h.13.47cfc34cae8a1153323939c4d32cf7c2
                           .group:00000000 wm4.stm32n6xx_hal_def.h.63.3a8f01490e8852464e9fcb69092e9c75
                           .group:00000000 wm4.stm32n6xx_ll_bus.h.38.2366a295ee4cdb04833997d3787fcd2d
                           .group:00000000 wm4.stm32n6xx_ll_rcc.h.21.002e22a16fd7f67dde6dce41e8ba9620
                           .group:00000000 wm4.stm32n6xx_hal_rcc.h.194.1cb1283e40f9bebcd3fba2a9a961838e
                           .group:00000000 wm4.stm32n6xx_hal_rcc_ex.h.21.79aa32178dfef625fbd20d362449acfa
                           .group:00000000 wm4.stm32n6xx_hal_rcc.h.4359.3f0b7ad33826d95438602c9aebc08af9
                           .group:00000000 wm4.stm32n6xx_hal_gpio.h.21.89d54af663b98eb8fc098192053f7eeb
                           .group:00000000 wm4.stm32n6xx_hal_gpio_ex.h.22.4acb2e3511a98bb48b81cfc8e09fd59e
                           .group:00000000 wm4.stm32n6xx_hal_rif.h.21.424d0bafb874a777dee3742a22e13037
                           .group:00000000 wm4.stm32n6xx_hal_dma.h.21.61e48c5c2e8d25d22177834b232fe45c
                           .group:00000000 wm4.stm32n6xx_hal_dma_ex.h.21.66e597beb090a165329d6ccf665e41bc
                           .group:00000000 wm4.stm32n6xx_hal_dma.h.1020.87e2180c009560b617c1f8208140c950
                           .group:00000000 wm4.stm32n6xx_hal_cortex.h.21.f493623cc58f9454ab4eae41e395c5cc
                           .group:00000000 wm4.stm32n6xx_hal_bsec.h.21.61b309e67dd810e28897a01b1b21a97f
                           .group:00000000 wm4.stm32n6xx_hal_dcmipp.h.21.f538bfd785c6469670251ac9bc7af55d
                           .group:00000000 wm4.stm32n6xx_hal_dma2d.h.21.75c8d46cdbb72970123b3f34ae2043d7
                           .group:00000000 wm4.stm32n6xx_hal_exti.h.21.fda87e715ea6b98239ec30171d1df594
                           .group:00000000 wm4.stm32n6xx_hal_i2c.h.21.3f483626ff64c5bf027265bb2e1d1331
                           .group:00000000 wm4.stm32n6xx_hal_i2c_ex.h.21.79e9196c22282cdaf6b4047893638c45
                           .group:00000000 wm4.stm32n6xx_hal_i2c.h.741.1084702632703acc669e4282b3043372
                           .group:00000000 wm4.stm32n6xx_hal_ltdc.h.21.ae1eb09930e7e550e48e418ac5849e4d
                           .group:00000000 wm4.stm32n6xx_hal_ltdc.h.1002.b13ede7fc94ed5ad1c6768a157d2149a
                           .group:00000000 wm4.stm32n6xx_hal_pwr.h.21.cdb73e4869c3fed3fc84f901ec0e5f0a
                           .group:00000000 wm4.stm32n6xx_hal_pwr_ex.h.21.1a673224a58b0c1e5fad8eeda6514208
                           .group:00000000 wm4.stm32n6xx_hal_ramcfg.h.21.a62dfbb4d2c14e9a8c634a215e37bd3d
                           .group:00000000 wm4.stm32n6xx_hal_uart.h.21.230f549bfa0d5ebfd77bfb311b2aca15
                           .group:00000000 wm4.stm32n6xx_hal_uart_ex.h.21.a0d5511e1d0703b7b5278c8f5472b96d
                           .group:00000000 wm4.stm32n6xx_hal_xspi.h.21.e17898be2073b6b6b19faf30b4e304e9
                           .group:00000000 wm4.stm32n6xx_hal_cacheaxi.h.21.7c3375b7903ec42376e4883320997f74
                           .group:00000000 wm4.stm32n6xx_hal.h.81.5e59143eba07faca3e9aeaa5470826c8
                           .group:00000000 wm4.stm32n6570_discovery_conf.h.21.f52c8202689527a3dc0d9c6cba9c0416
                           .group:00000000 wm4.stm32n6570_discovery_errno.h.22.80e523b09444a11ebe4b6e24ae914f0e
                           .group:00000000 wm4.stm32n6570_discovery_bus.h.62.3b5b2c6837f7adeb489604fa214cd371
                           .group:00000000 wm4.cmw_camera_conf.h.44.f5b7142add155602b098cc3d0e29cc86
                           .group:00000000 wm4.isp_conf.h.21.f38432dbfef47e2ce2a64e60ef6a2d79
                           .group:00000000 wm4.stdio.h.27.3fc80220048df77954e38daec3bb9670
                           .group:00000000 wm4.stddef.h.158.eec8bf00b5213f43d095cb984c5f22e3
                           .group:00000000 wm4.stdarg.h.34.3a23a216c0c293b3d2ea2e89281481e6
                           .group:00000000 wm4.stdio.h.47.dc31ec4674d7bcb103c9f08809549f45
                           .group:00000000 wm4.stdio.h.2.4aa87247282eca6c8f36f9de33d8df1a
                           .group:00000000 wm4.stdio.h.87.a1e20d2651f9bfb66e51bfbe849db00a
                           .group:00000000 wm4.stdlib.h.13.4ed386f5c1a80d71e72172885d946ef2
                           .group:00000000 wm4.alloca.h.8.dfc0c703c47ec3e69746825b17d9e66d
                           .group:00000000 wm4.stdlib.h.56.f4862cfbf4363a1db01842d5bdf72c18
                           .group:00000000 wm4.string.h.8.c4b8571ce60dff2817f43fec8b86aecd
                           .group:00000000 wm4.string.h.177.59a005921fa78485abc80a0267de5752
ARM GAS  C:\Users\Antonio\AppData\Local\Temp\ccXJqROZ.s 			page 19


                           .group:00000000 wm4.stdbool.h.29.c08aa3eec75cf5b9b5003883f43253f0
                           .group:00000000 wm4.isp_core.h.109.be5387f515355b6edcb70af2607f9a68
                           .group:00000000 wm4.cmw_camera.h.33.b34cbb506ffb5bbc0bae0cee9fc48966
                           .group:00000000 wm4.app_camerapipeline.h.19.61e64ae76e34bca3c90d340e39a37b12
                           .group:00000000 wm4.float.h.29.0e9d9baf95ec39f9555dc80c6e28186b
                           .group:00000000 wm4.syslimits.h.34.de5cbd310098bc5895998b6bde577ed2
                           .group:00000000 wm4.limits.h.9.70fb0ada6f71b16202a66baaa6d8ea70
                           .group:00000000 wm4.limits.h.60.56a1ae353e2028a24298ec6463b8b593
                           .group:00000000 wm4.arm_math_types.h.94.a6c8422e2657ad4cd95bd8be69ba02aa
                           .group:00000000 wm4.arm_mve.h.38.47b22bbd301ce82bc6dafd1a387f65a3
                           .group:00000000 wm4.arm_math_types.h.559.cab78f278b684a3ea2271947c7aea680
                           .group:00000000 wm4.arm_math_memory.h.28.fe8a81c6a9ac13061a5f748732089249
                           .group:00000000 wm4.none.h.185.db055cca83e83f96d8d0bb450fbdf4bb
                           .group:00000000 wm4.utils.h.27.57524573fe37b04009eecf3582a4c591
                           .group:00000000 wm4.fast_math_functions.h.28.8eb7477260c1d6b62047c49a01c4cbaa
                           .group:00000000 wm4.controller_functions.h.28.7bed7d7a726df2f65b8a3d89cff01247
                           .group:00000000 wm4.filtering_functions.h.46.6cf1424fb1f86d5f9958d208b83340a1
                           .group:00000000 wm4.app_config.h.24.f038a6307a621be7ff1c53b769c184df

UNDEFINED SYMBOLS
CMW_CAMERA_Init
__assert_func
memset
CMW_CAMERA_SetPipeConfig
CMW_CAMERA_DeInit
CMW_CAMERA_Start
CMW_CAMERA_Suspend
CMW_CAMERA_Run
cameraFrameReceived
