ARM GAS  C:\Users\Antonio\AppData\Local\Temp\ccgiqBjy.s 			page 1


   1              		.arch armv8.1-m.main
   2              		.fpu fpv5-d16
   3              		.arch_extension dsp
   4              		.arch_extension fp
   5              		.arch_extension fp.dp
   6              		.arch_extension mve
   7              		.arch_extension mve.fp
   8              		.eabi_attribute 5, "cortex-m55"
   9              		.eabi_attribute 28, 1
  10              		.eabi_attribute 20, 1
  11              		.eabi_attribute 21, 1
  12              		.eabi_attribute 23, 3
  13              		.eabi_attribute 24, 1
  14              		.eabi_attribute 25, 1
  15              		.eabi_attribute 26, 1
  16              		.eabi_attribute 30, 4
  17              		.eabi_attribute 34, 1
  18              		.eabi_attribute 38, 1
  19              		.eabi_attribute 18, 4
  20              		.file	"wm8904_reg.c"
  21              		.text
  22              	.Ltext0:
  23              		.cfi_sections	.debug_frame
  24              		.file 1 "Src/wm8904_reg.c"
  25              		.section	.text.wm8904_read_reg,"ax",%progbits
  26              		.align	1
  27              		.global	wm8904_read_reg
  28              		.syntax unified
  29              		.thumb
  30              		.thumb_func
  32              	wm8904_read_reg:
  33              	.LVL0:
  34              	.LFB0:
   1:Src/wm8904_reg.c **** /**
   2:Src/wm8904_reg.c ****   ******************************************************************************
   3:Src/wm8904_reg.c ****   * @file    wm8904_reg.c
   4:Src/wm8904_reg.c ****   * @author  MCD Application Team
   5:Src/wm8904_reg.c ****   * @brief   This file provides unitary register function to control the WM8904
   6:Src/wm8904_reg.c ****   *          Audio Codec driver.
   7:Src/wm8904_reg.c ****   ******************************************************************************
   8:Src/wm8904_reg.c ****   * @attention
   9:Src/wm8904_reg.c ****   *
  10:Src/wm8904_reg.c ****   * Copyright (c) 2023 STMicroelectronics.
  11:Src/wm8904_reg.c ****   * All rights reserved.
  12:Src/wm8904_reg.c ****   *
  13:Src/wm8904_reg.c ****   * This software is licensed under terms that can be found in the LICENSE file
  14:Src/wm8904_reg.c ****   * in the root directory of this software component.
  15:Src/wm8904_reg.c ****   * If no LICENSE file comes with this software, it is provided AS-IS.
  16:Src/wm8904_reg.c ****   *
  17:Src/wm8904_reg.c ****   ******************************************************************************
  18:Src/wm8904_reg.c ****   */
  19:Src/wm8904_reg.c **** 
  20:Src/wm8904_reg.c **** /* Includes ------------------------------------------------------------------*/
  21:Src/wm8904_reg.c **** #include "wm8904_reg.h"
  22:Src/wm8904_reg.c **** 
  23:Src/wm8904_reg.c **** /** @addtogroup BSP
  24:Src/wm8904_reg.c ****   * @{
ARM GAS  C:\Users\Antonio\AppData\Local\Temp\ccgiqBjy.s 			page 2


  25:Src/wm8904_reg.c ****   */
  26:Src/wm8904_reg.c **** 
  27:Src/wm8904_reg.c **** /** @addtogroup Components
  28:Src/wm8904_reg.c ****   * @{
  29:Src/wm8904_reg.c ****   */
  30:Src/wm8904_reg.c **** 
  31:Src/wm8904_reg.c **** /** @addtogroup wm8904
  32:Src/wm8904_reg.c ****   * @brief     This file provides a set of functions needed to drive the
  33:Src/wm8904_reg.c ****   *            WM8904 audio codec.
  34:Src/wm8904_reg.c ****   * @{
  35:Src/wm8904_reg.c ****   */
  36:Src/wm8904_reg.c **** 
  37:Src/wm8904_reg.c **** /************** Generic Function  *******************/
  38:Src/wm8904_reg.c **** /*******************************************************************************
  39:Src/wm8904_reg.c **** * Function Name : wm8904_read_reg
  40:Src/wm8904_reg.c **** * Description   : Generic Reading function. It must be full-filled with either
  41:Src/wm8904_reg.c **** *                 I2C or SPI reading functions
  42:Src/wm8904_reg.c **** * Input         : Register Address, length of buffer
  43:Src/wm8904_reg.c **** * Output        : data Read
  44:Src/wm8904_reg.c **** *******************************************************************************/
  45:Src/wm8904_reg.c **** int32_t wm8904_read_reg(const wm8904_ctx_t *ctx, uint16_t reg, uint16_t* data, uint16_t length)
  46:Src/wm8904_reg.c **** {
  35              		.loc 1 46 1 view -0
  36              		.cfi_startproc
  37              		@ args = 0, pretend = 0, frame = 0
  38              		@ frame_needed = 0, uses_anonymous_args = 0
  47:Src/wm8904_reg.c ****   int32_t ret;
  39              		.loc 1 47 3 view .LVU1
  48:Src/wm8904_reg.c ****   uint16_t tmp;
  40              		.loc 1 48 3 view .LVU2
  49:Src/wm8904_reg.c **** 
  50:Src/wm8904_reg.c ****   ret = ctx->ReadReg(ctx->handle, reg, (uint8_t *)data, length);
  41              		.loc 1 50 3 view .LVU3
  46:Src/wm8904_reg.c ****   int32_t ret;
  42              		.loc 1 46 1 is_stmt 0 view .LVU4
  43 0000 38B5     		push	{r3, r4, r5, lr}
  44              		.cfi_def_cfa_offset 16
  45              		.cfi_offset 3, -16
  46              		.cfi_offset 4, -12
  47              		.cfi_offset 5, -8
  48              		.cfi_offset 14, -4
  49              		.loc 1 50 9 view .LVU5
  50 0002 D0E90150 		ldrd	r5, r0, [r0, #4]
  51              	.LVL1:
  46:Src/wm8904_reg.c ****   int32_t ret;
  52              		.loc 1 46 1 view .LVU6
  53 0006 1446     		mov	r4, r2
  54              		.loc 1 50 9 view .LVU7
  55 0008 A847     		blx	r5
  56              	.LVL2:
  51:Src/wm8904_reg.c **** 
  52:Src/wm8904_reg.c ****   if(ret >= 0)
  57              		.loc 1 52 3 is_stmt 1 view .LVU8
  58              		.loc 1 52 5 is_stmt 0 view .LVU9
  59 000a 0028     		cmp	r0, #0
  60              		.loc 1 52 5 view .LVU10
  61 000c 02DB     		blt	.L1
ARM GAS  C:\Users\Antonio\AppData\Local\Temp\ccgiqBjy.s 			page 3


  53:Src/wm8904_reg.c ****   {
  54:Src/wm8904_reg.c ****     tmp = ((uint16_t)(*data >> 8) & 0x00FFU);
  62              		.loc 1 54 5 is_stmt 1 view .LVU11
  63              	.LVL3:
  55:Src/wm8904_reg.c ****     tmp |= ((uint16_t)(*data << 8) & 0xFF00U);
  64              		.loc 1 55 5 view .LVU12
  56:Src/wm8904_reg.c ****     *data = tmp;
  65              		.loc 1 56 5 view .LVU13
  55:Src/wm8904_reg.c ****     tmp |= ((uint16_t)(*data << 8) & 0xFF00U);
  66              		.loc 1 55 9 is_stmt 0 view .LVU14
  67 000e 2388     		ldrh	r3, [r4]
  68 0010 5BBA     		rev16	r3, r3
  69              		.loc 1 56 11 view .LVU15
  70 0012 2380     		strh	r3, [r4]	@ movhi
  71              	.LVL4:
  57:Src/wm8904_reg.c ****   }
  58:Src/wm8904_reg.c ****   return ret;
  72              		.loc 1 58 3 is_stmt 1 view .LVU16
  73              	.L1:
  59:Src/wm8904_reg.c **** }
  74              		.loc 1 59 1 is_stmt 0 view .LVU17
  75 0014 38BD     		pop	{r3, r4, r5, pc}
  76              		.loc 1 59 1 view .LVU18
  77              		.cfi_endproc
  78              	.LFE0:
  80              		.section	.text.wm8904_write_reg,"ax",%progbits
  81              		.align	1
  82              		.global	wm8904_write_reg
  83              		.syntax unified
  84              		.thumb
  85              		.thumb_func
  87              	wm8904_write_reg:
  88              	.LVL5:
  89              	.LFB1:
  60:Src/wm8904_reg.c **** 
  61:Src/wm8904_reg.c **** /*******************************************************************************
  62:Src/wm8904_reg.c **** * Function Name : wm8904_write_reg
  63:Src/wm8904_reg.c **** * Description   : Generic Writing function. It must be full-filled with either
  64:Src/wm8904_reg.c **** *                 I2C or SPI writing function
  65:Src/wm8904_reg.c **** * Input         : Register Address, data to be written, length of buffer
  66:Src/wm8904_reg.c **** * Output        : None
  67:Src/wm8904_reg.c **** *******************************************************************************/
  68:Src/wm8904_reg.c **** int32_t wm8904_write_reg(const wm8904_ctx_t *ctx, uint16_t reg, const uint16_t *data, uint16_t leng
  69:Src/wm8904_reg.c **** {
  90              		.loc 1 69 1 is_stmt 1 view -0
  91              		.cfi_startproc
  92              		@ args = 0, pretend = 0, frame = 8
  93              		@ frame_needed = 0, uses_anonymous_args = 0
  70:Src/wm8904_reg.c ****   uint16_t tmp;
  94              		.loc 1 70 3 view .LVU20
  71:Src/wm8904_reg.c ****   tmp = ((uint16_t)(*data >> 8) & 0x00FFU);
  95              		.loc 1 71 3 view .LVU21
  72:Src/wm8904_reg.c ****   tmp |= ((uint16_t)(*data << 8) & 0xFF00U);
  96              		.loc 1 72 3 view .LVU22
  69:Src/wm8904_reg.c ****   uint16_t tmp;
  97              		.loc 1 69 1 is_stmt 0 view .LVU23
  98 0000 13B5     		push	{r0, r1, r4, lr}
ARM GAS  C:\Users\Antonio\AppData\Local\Temp\ccgiqBjy.s 			page 4


  99              		.cfi_def_cfa_offset 16
 100              		.cfi_offset 4, -8
 101              		.cfi_offset 14, -4
 102              		.loc 1 72 7 view .LVU24
 103 0002 1288     		ldrh	r2, [r2]
 104              	.LVL6:
  73:Src/wm8904_reg.c **** 
  74:Src/wm8904_reg.c ****   return ctx->WriteReg(ctx->handle, reg, (uint8_t *)&tmp, length);
 105              		.loc 1 74 10 view .LVU25
 106 0004 0468     		ldr	r4, [r0]
  72:Src/wm8904_reg.c **** 
 107              		.loc 1 72 7 view .LVU26
 108 0006 52BA     		rev16	r2, r2
 109 0008 ADF80620 		strh	r2, [sp, #6]	@ movhi
 110              		.loc 1 74 3 is_stmt 1 view .LVU27
 111              		.loc 1 74 10 is_stmt 0 view .LVU28
 112 000c 8068     		ldr	r0, [r0, #8]
 113              	.LVL7:
 114              		.loc 1 74 10 view .LVU29
 115 000e 0DF10602 		add	r2, sp, #6
 116 0012 A047     		blx	r4
 117              	.LVL8:
  75:Src/wm8904_reg.c **** }
 118              		.loc 1 75 1 view .LVU30
 119 0014 02B0     		add	sp, sp, #8
 120              		.cfi_def_cfa_offset 8
 121              		@ sp needed
 122 0016 10BD     		pop	{r4, pc}
 123              		.cfi_endproc
 124              	.LFE1:
 126              		.text
 127              	.Letext0:
 128              		.file 2 "C:\\ST\\STM32CubeIDE_1.19.0\\STM32CubeIDE\\plugins\\com.st.stm32cube.ide.mcu.externaltool
 129              		.file 3 "C:\\ST\\STM32CubeIDE_1.19.0\\STM32CubeIDE\\plugins\\com.st.stm32cube.ide.mcu.externaltool
 130              		.file 4 "Inc/wm8904_reg.h"
ARM GAS  C:\Users\Antonio\AppData\Local\Temp\ccgiqBjy.s 			page 5


DEFINED SYMBOLS
                            *ABS*:00000000 wm8904_reg.c
C:\Users\Antonio\AppData\Local\Temp\ccgiqBjy.s:26     .text.wm8904_read_reg:00000000 $t
C:\Users\Antonio\AppData\Local\Temp\ccgiqBjy.s:32     .text.wm8904_read_reg:00000000 wm8904_read_reg
C:\Users\Antonio\AppData\Local\Temp\ccgiqBjy.s:81     .text.wm8904_write_reg:00000000 $t
C:\Users\Antonio\AppData\Local\Temp\ccgiqBjy.s:87     .text.wm8904_write_reg:00000000 wm8904_write_reg
                           .group:00000000 wm4.0.edffc6ad2f5eb1e671bbefdf8c481eb3
                           .group:00000000 wm4._newlib_version.h.4.411db44ea2338a62eca2f0777f81481b
                           .group:00000000 wm4.features.h.33.e0c9f337c65cb9f22ed5f23d082bc78b
                           .group:00000000 wm4._default_types.h.15.247e5cd201eca3442cbf5404108c4935
                           .group:00000000 wm4._intsup.h.10.48bafbb683905c4daa4565a85aeeb264
                           .group:00000000 wm4._stdint.h.10.c24fa3af3bc1706662bb5593a907e841
                           .group:00000000 wm4.stdint.h.23.d53047a68f4a85177f80b422d52785ed
                           .group:00000000 wm4.wm8904_reg.h.50.9a522a911b03fc37113833b2cf2b56fb

NO UNDEFINED SYMBOLS
