../../STM32Cube_FW_N6/Drivers/STM32N6xx_HAL_Driver/Inc/stm32n6xx_ll_bus.h:1407:22:LL_AHB4_GRP1_EnableClock	8	static
../../STM32Cube_FW_N6/Drivers/BSP/STM32N6570-DK/stm32n6570_discovery_audio.c:3021:16:WM8904_Probe	40	static
../../STM32Cube_FW_N6/Drivers/BSP/STM32N6570-DK/stm32n6570_discovery_audio.c:530:9:BSP_AUDIO_OUT_Play	16	static
../../STM32Cube_FW_N6/Drivers/BSP/STM32N6570-DK/stm32n6570_discovery_audio.c:579:9:BSP_AUDIO_OUT_Pause	8	static
../../STM32Cube_FW_N6/Drivers/BSP/STM32N6570-DK/stm32n6570_discovery_audio.c:615:9:BSP_AUDIO_OUT_Resume	8	static
../../STM32Cube_FW_N6/Drivers/BSP/STM32N6570-DK/stm32n6570_discovery_audio.c:651:9:BSP_AUDIO_OUT_Stop	8	static
../../STM32Cube_FW_N6/Drivers/BSP/STM32N6570-DK/stm32n6570_discovery_audio.c:696:9:BSP_AUDIO_OUT_Mute	8	static
../../STM32Cube_FW_N6/Drivers/BSP/STM32N6570-DK/stm32n6570_discovery_audio.c:736:9:BSP_AUDIO_OUT_UnMute	16	static
../../STM32Cube_FW_N6/Drivers/BSP/STM32N6570-DK/stm32n6570_discovery_audio.c:777:9:BSP_AUDIO_OUT_IsMute	0	static
../../STM32Cube_FW_N6/Drivers/BSP/STM32N6570-DK/stm32n6570_discovery_audio.c:804:9:BSP_AUDIO_OUT_SetVolume	16	static
../../STM32Cube_FW_N6/Drivers/BSP/STM32N6570-DK/stm32n6570_discovery_audio.c:839:9:BSP_AUDIO_OUT_GetVolume	0	static
../../STM32Cube_FW_N6/Drivers/BSP/STM32N6570-DK/stm32n6570_discovery_audio.c:918:9:BSP_AUDIO_OUT_GetSampleRate	0	static
../../STM32Cube_FW_N6/Drivers/BSP/STM32N6570-DK/stm32n6570_discovery_audio.c:945:9:BSP_AUDIO_OUT_SetDevice	0	static
../../STM32Cube_FW_N6/Drivers/BSP/STM32N6570-DK/stm32n6570_discovery_audio.c:973:9:BSP_AUDIO_OUT_GetDevice	0	static
../../STM32Cube_FW_N6/Drivers/BSP/STM32N6570-DK/stm32n6570_discovery_audio.c:1082:9:BSP_AUDIO_OUT_GetBitsPerSample	0	static
../../STM32Cube_FW_N6/Drivers/BSP/STM32N6570-DK/stm32n6570_discovery_audio.c:1109:9:BSP_AUDIO_OUT_SetChannelsNbr	16	static
../../STM32Cube_FW_N6/Drivers/BSP/STM32N6570-DK/stm32n6570_discovery_audio.c:1147:9:BSP_AUDIO_OUT_GetChannelsNbr	0	static
../../STM32Cube_FW_N6/Drivers/BSP/STM32N6570-DK/stm32n6570_discovery_audio.c:1174:9:BSP_AUDIO_OUT_GetState	0	static
../../STM32Cube_FW_N6/Drivers/BSP/STM32N6570-DK/stm32n6570_discovery_audio.c:1196:6:BSP_AUDIO_OUT_IRQHandler	0	static
../../STM32Cube_FW_N6/Drivers/BSP/STM32N6570-DK/stm32n6570_discovery_audio.c:1279:13:BSP_AUDIO_OUT_TransferComplete_CallBack	0	static
../../STM32Cube_FW_N6/Drivers/BSP/STM32N6570-DK/stm32n6570_discovery_audio.c:1290:13:BSP_AUDIO_OUT_HalfTransfer_CallBack	0	static
../../STM32Cube_FW_N6/Drivers/BSP/STM32N6570-DK/stm32n6570_discovery_audio.c:1301:13:BSP_AUDIO_OUT_Error_CallBack	0	static
../../STM32Cube_FW_N6/Drivers/BSP/STM32N6570-DK/stm32n6570_discovery_audio.c:1315:26:MX_SAI1_ClockConfig	568	static
../../STM32Cube_FW_N6/Drivers/BSP/STM32N6570-DK/stm32n6570_discovery_audio.c:866:9:BSP_AUDIO_OUT_SetSampleRate	16	static
../../STM32Cube_FW_N6/Drivers/BSP/STM32N6570-DK/stm32n6570_discovery_audio.c:1376:26:MX_SAI1_Init	16	static
../../STM32Cube_FW_N6/Drivers/BSP/STM32N6570-DK/stm32n6570_discovery_audio.c:1483:6:HAL_SAI_TxCpltCallback	8	static
../../STM32Cube_FW_N6/Drivers/BSP/STM32N6570-DK/stm32n6570_discovery_audio.c:1496:6:HAL_SAI_TxHalfCpltCallback	8	static
../../STM32Cube_FW_N6/Drivers/BSP/STM32N6570-DK/stm32n6570_discovery_audio.c:1890:9:BSP_AUDIO_IN_Record	40	static
../../STM32Cube_FW_N6/Drivers/BSP/STM32N6570-DK/stm32n6570_discovery_audio.c:1973:9:BSP_AUDIO_IN_Stop	16	static
../../STM32Cube_FW_N6/Drivers/BSP/STM32N6570-DK/stm32n6570_discovery_audio.c:2037:9:BSP_AUDIO_IN_Pause	16	static
../../STM32Cube_FW_N6/Drivers/BSP/STM32N6570-DK/stm32n6570_discovery_audio.c:2092:9:BSP_AUDIO_IN_Resume	32	static
../../STM32Cube_FW_N6/Drivers/BSP/STM32N6570-DK/stm32n6570_discovery_audio.c:2153:9:BSP_AUDIO_IN_SetDevice	0	static
../../STM32Cube_FW_N6/Drivers/BSP/STM32N6570-DK/stm32n6570_discovery_audio.c:2181:9:BSP_AUDIO_IN_GetDevice	0	static
../../STM32Cube_FW_N6/Drivers/BSP/STM32N6570-DK/stm32n6570_discovery_audio.c:2326:9:BSP_AUDIO_IN_GetSampleRate	0	static
../../STM32Cube_FW_N6/Drivers/BSP/STM32N6570-DK/stm32n6570_discovery_audio.c:2355:9:BSP_AUDIO_IN_SetBitsPerSample	0	static
../../STM32Cube_FW_N6/Drivers/BSP/STM32N6570-DK/stm32n6570_discovery_audio.c:2386:9:BSP_AUDIO_IN_GetBitsPerSample	0	static
../../STM32Cube_FW_N6/Drivers/BSP/STM32N6570-DK/stm32n6570_discovery_audio.c:2413:9:BSP_AUDIO_IN_SetChannelsNbr	0	static
../../STM32Cube_FW_N6/Drivers/BSP/STM32N6570-DK/stm32n6570_discovery_audio.c:2443:9:BSP_AUDIO_IN_GetChannelsNbr	0	static
../../STM32Cube_FW_N6/Drivers/BSP/STM32N6570-DK/stm32n6570_discovery_audio.c:2470:9:BSP_AUDIO_IN_SetVolume	0	static
../../STM32Cube_FW_N6/Drivers/BSP/STM32N6570-DK/stm32n6570_discovery_audio.c:2494:9:BSP_AUDIO_IN_GetVolume	0	static
../../STM32Cube_FW_N6/Drivers/BSP/STM32N6570-DK/stm32n6570_discovery_audio.c:2518:9:BSP_AUDIO_IN_GetState	0	static
../../STM32Cube_FW_N6/Drivers/BSP/STM32N6570-DK/stm32n6570_discovery_audio.c:2649:6:BSP_AUDIO_IN_IRQHandler	0	static
../../STM32Cube_FW_N6/Drivers/BSP/STM32N6570-DK/stm32n6570_discovery_audio.c:2668:13:BSP_AUDIO_IN_TransferComplete_CallBack	0	static
../../STM32Cube_FW_N6/Drivers/BSP/STM32N6570-DK/stm32n6570_discovery_audio.c:2682:13:BSP_AUDIO_IN_HalfTransfer_CallBack	0	static
../../STM32Cube_FW_N6/Drivers/BSP/STM32N6570-DK/stm32n6570_discovery_audio.c:2696:13:BSP_AUDIO_IN_Error_CallBack	0	static
../../STM32Cube_FW_N6/Drivers/BSP/STM32N6570-DK/stm32n6570_discovery_audio.c:3142:13:SAI_MspInit	64	static
../../STM32Cube_FW_N6/Drivers/BSP/STM32N6570-DK/stm32n6570_discovery_audio.c:312:9:BSP_AUDIO_OUT_Init	88	static
../../STM32Cube_FW_N6/Drivers/BSP/STM32N6570-DK/stm32n6570_discovery_audio.c:1000:9:BSP_AUDIO_OUT_SetBitsPerSample	16	static
../../STM32Cube_FW_N6/Drivers/BSP/STM32N6570-DK/stm32n6570_discovery_audio.c:3406:13:SAI_MspDeInit	8	static
../../STM32Cube_FW_N6/Drivers/BSP/STM32N6570-DK/stm32n6570_discovery_audio.c:473:9:BSP_AUDIO_OUT_DeInit	8	static
../../STM32Cube_FW_N6/Drivers/BSP/STM32N6570-DK/stm32n6570_discovery_audio.c:1509:6:HAL_SAI_ErrorCallback	8	static
../../STM32Cube_FW_N6/Drivers/BSP/STM32N6570-DK/stm32n6570_discovery_audio.c:1809:9:BSP_AUDIO_IN_DeInit	8	static
../../STM32Cube_FW_N6/Drivers/BSP/STM32N6570-DK/stm32n6570_discovery_audio.c:3461:13:MDF_MspInit.constprop	48	static
../../STM32Cube_FW_N6/Drivers/BSP/STM32N6570-DK/stm32n6570_discovery_audio.c:2711:26:MX_MDF1_ClockConfig	568	static
../../STM32Cube_FW_N6/Drivers/BSP/STM32N6570-DK/stm32n6570_discovery_audio.c:2780:26:MX_MDF1_Init	16	static
../../STM32Cube_FW_N6/Drivers/BSP/STM32N6570-DK/stm32n6570_discovery_audio.c:1535:9:BSP_AUDIO_IN_Init	88	static
../../STM32Cube_FW_N6/Drivers/BSP/STM32N6570-DK/stm32n6570_discovery_audio.c:2208:9:BSP_AUDIO_IN_SetSampleRate	48	static
../../STM32Cube_FW_N6/Drivers/BSP/STM32N6570-DK/stm32n6570_discovery_audio.c:2861:6:HAL_SAI_RxHalfCpltCallback	8	static
../../STM32Cube_FW_N6/Drivers/BSP/STM32N6570-DK/stm32n6570_discovery_audio.c:2874:6:HAL_SAI_RxCpltCallback	8	static
../../STM32Cube_FW_N6/Drivers/BSP/STM32N6570-DK/stm32n6570_discovery_audio.c:2951:6:HAL_MDF_AcqCpltCallback	24	static
../../STM32Cube_FW_N6/Drivers/BSP/STM32N6570-DK/stm32n6570_discovery_audio.c:2976:6:HAL_MDF_AcqHalfCpltCallback	24	static
../../STM32Cube_FW_N6/Drivers/BSP/STM32N6570-DK/stm32n6570_discovery_audio.c:3001:6:HAL_MDF_ErrorCallback	8	static
